7zr

822-date
a2p
a2ps
ab
abiword
abw2html
ac
access
achfile
acleandir
aconnect
acpi
acpi_available
acyclic
addftinfo
addr2line
addresses
aecho
afile
afmtodit
afppasswd
afs5log
aide
aimk
airsnort
alacarte
alevtd
ali
alias
alien
allcm
allneeded
alsactl
alsamixer
amidi
amixer
amstex
animate
anno
annotate-output
answer
antiword
antlr
aplay
aplaymidi
apm
apm_available
apmsleep
apple_cp
apple_mv
apple_rm
appletproxy
apport-cli
apport-unpack
appres
apropos
apt-extracttemplates
apt-ftparchive
apt-sortpkgs
aptitude-create-state-bundle
aptitude-run-state-bundle
aptitude
ar
arch
archpath
arecord
arecordmidi
arm2hpdl
artscat
artsmessage
as
as10k1
as86
ascii-xfr
asciitopgm
aseqdump
aseqnet
ash
asoundconf
aspell-import
aspell
at
aterm-xterm
aterm
atobm
atop
atq
atrm
attr
attraction
audiocompose
audiosend
audit2allow
aumix
autoconf-2.13
autoconf-2.5
autoconf
autoexpect
autoheader-2.13
autoheader-2.5
autoheader
autom4te-2.5
autom4te
autopoint
autopvf
autoreconf-2.13
autoreconf-2.5
autoreconf
autorun
autoscan-2.13
autoscan-2.5
autoscan
autoupdate-2.13
autoupdate-2.5
autoupdate
autovbox
avibench
avicap
avicat
avifile-config
avifix
aviindex
avimake
avimerge
aviplay
avirec
avirecompress
avisplit
avisync
avitype
awk

baby
backend
baobab
base64
basename
bash
bashbug
basictopvf
batch
bc
bcc
bcomps
bdftopcf
bdftruncate
beforelight
bf_compact
bf_copy
bf_tar
bg
bibtex
biff
bin_dec_hex
bind
binhex
biof
bioradtopgm
bison
bitmap
bittorrent-downloader.bittorrent
bittorrent-multi-downloader.bittorrent
blitspin
bluefish
bluetooth-analyzer
bluetooth-applet
bluetooth-properties
bmp2tiff
bmtoa
bogofilter
bogolexer
bogotune
bogoupgrade
bogoutil
bon_csv2html
bon_csv2txt
bonobo-activation-server
bouboule
braid
break
brltty
bsd-write
bsh
bsod
btcompletedir.bittorrent
btmakemetafile.bittorrent
btreannounce.bittorrent
btrename.bittorrent
bts
btshowmetainfo.bittorrent
bttrack.bittorrent
bubbles
builtin
builtins
bumps
bunzip2
burst
busybox
busyspheres
byacc
bzcat
bzcmp
bzdiff
bzegrep
bzexe
bzfgrep
bzgrep
bzip2
bzip2recover
bzless
bzmore

c2ph
c3270
c89-gcc
c99-gcc
c_rehash
ca
cabextract
cadaver
cal
calendar
cancel-LPRng
cancel
capinfos
captoinfo
card
cat
catchsegv
catdoc
catior
ccmakedep
ccomps
cd
cdda2wav
cddb-slave2-properties
cdecl
cdeftutorial
cdlabelgen
cdp
cdparanoia
cdplayer_applet
cdrdao
cdrecord
cdrwtool
cfgmaker
cgi-fcgi
chacl
chage
charpick_applet
charset
chattr
chcon
check_driver
checkalias
checkbashisms
chfn
chgrp
chkdupexe
chmod
chown
chroot
chrt
chsh
chvt
ci
ciphers
ciptool
circo
cjpeg
ckpasswd
cksum
cleanlinks
clear
clear_console
cli-wrapper
clive
clusterdb
cmp
co
codepage
col
colcrt
colorfire
colrm
column
combinediff
comm
command
commandtoescpx
commandtopclx
comp
compare
compgen
compile_et
compiz
compiz.real
complete
composeglyphs
composite
compress
config.guess-2.5
config.guess
config.sub-2.5
config.sub
config_data
conjure
conman
consoletype
continue
contrib
convdate
convert
convfont
coolicon
coolman
coverpg
cp
cpan
cpio
cpp-2.96
cpp-3.3
cpp-3.4
cpp-4.1
cpp
cproto
cpufreq-info
cpufreq-selector
cpufreq-set
createdb
createlang
createuser
critical
crl
crl2pkcs7
crontab
cscope
csh
csplit
csv2vcard
ctags
cu
cut
cvs-debc
cvs-debi
cvs-debrelease
cvs-debuild
cvs
cvt
cweb
cxpm
cyclone

dash
date
db2dvi
db2html
db2pdf
db2ps
db2rtf
dbilogstrip
dbiprof
dbiproxy
dbish
dbmmanage
dbus-cleanup-sockets
dbus-daemon
dbus-launch
dbus-monitor
dbus-send
dbus-uuidgen
dbview
dc
dccleancrw
dcfujigreen
dcfujiturn
dcfujiturn16
dch
dcop
dcopclient
dcopfind
dcopobject
dcopquit
dcopref
dcopserver
dcopserver_shutdown
dcopstart
dcparse
dcraw
dd-list
dd
ddate
ddd
deallocvt
deb-reversion
debc
debchange
debclean
debcommit
debconf-apt-progress
debconf-communicate
debconf-copydb
debconf-escape
debconf-gettextize
debconf-set-selections
debconf-show
debconf-updatepo
debconf
debdiff
debi
debpkg
debrelease
debrsign
debsign
debuild
decayscreen
declare
deco
decrypt
defoma-app
defoma-font
defoma-hints
defoma-id
defoma-subst
defoma-user
defoma
dehtmldiff
desktop-file-validate
detect
devdump
devscripts
dexconf
df
dga
dget
dgst
dh_builddeb
dh_clean
dh_compress
dh_desktop
dh_fixperms
dh_gconf
dh_gencontrol
dh_gtkmodules
dh_iconcache
dh_icons
dh_install
dh_installcatalogs
dh_installchangelogs
dh_installcron
dh_installdeb
dh_installdebconf
dh_installdefoma
dh_installdirs
dh_installdocs
dh_installemacsen
dh_installexamples
dh_installifupdown
dh_installinfo
dh_installinit
dh_installlogcheck
dh_installlogrotate
dh_installman
dh_installmanpages
dh_installmenu
dh_installmime
dh_installmodules
dh_installpam
dh_installppp
dh_installudev
dh_installwm
dh_installxfonts
dh_installxmlcatalogs
dh_link
dh_listpackages
dh_makeshlibs
dh_md5sums
dh_movefiles
dh_pangomodules
dh_pycentral
dh_pysupport
dh_python
dh_scrollkeeper
dh_shlibdeps
dh_strip
dh_suidregister
dh_testdir
dh_testroot
dh_testversion
dh_undocumented
dh_usrlocal
dhcdbd
dhparam
dia
dialog
dict
dictfmt
dictfmt_index2suffix
dictfmt_index2word
dictunformat
dictzip
diet
diff
diff3
diffpp
diffstat
dig
digikam
digitaglinktree
dijkstra
dillo
dir
dircolors
dirname
dirs
dirsplit
diskd
diskseekd
dislocate
disnbi
disown
display
dist
distort
djpeg
dlg
dlint
dlltool
dlpsh
dmesg
dmp
dns-helper
dnsdomainname
dnsquery
docbook2dvi
docbook2html
docbook2man-spec.pl
docbook2man
docbook2pdf
docbook2ps
docbook2rtf
docbook2tex
docbook2texi-spec.pl
docbook2texi
doexec
domainname
dos2unix
dot
dot2gxl
dotneato-config
dotty
doxygen
doxytag
dpkg-architecture
dpkg-buildpackage
dpkg-checkbuilddeps
dpkg-deb
dpkg-depcheck
dpkg-distaddfile
dpkg-genbuilddeps
dpkg-genchanges
dpkg-gencontrol
dpkg-name
dpkg-parsechangelog
dpkg-query
dpkg-scanpackages
dpkg-scansources
dpkg-shlibdeps
dpkg-source
dpkg-split
dpkg
dprofpp
drakfloppy
drakfont
drift
drivemount_applet
drkonqi
dropdb
droplang
dropuser
dsa
dsaparam
dscverify
dtach
du
dump-mixers
dumpcap
dumpkeys
dumpreg
dund
duplicity
dvdrecord
dvi2fax
dvicopy
dvihp
dvipdf
dvipdfm
dvips
dvired
dvitomp
dvitype

e2pall
ec
echo
ecparam
ecpg
ed
editcap
editdiff
editreg
editres
efax
efix
egrep
eject
ekiga-config-tool
ekiga
elinks
elks
elksemu
elm
elmalias
emacs
emu-config
emu-dspmgr
enable
enc
enc2xs
enchant
enscript
env
envsubst
eog-collection-view
eog-image-viewer
eog
epic
epicycle
eplain
eps2eps
epsffit
epstopdf
eqn
eqn2graph
errstr
eruby
esc-m
escputil
esd-config
esd
esdcat
esdctl
esddsp
esdfilt
esdloop
esdmon
esdplay
esdrec
esdsample
espdiff
espeak
estcall
estcmd
estfxasis
estfxfilter
estfxmantotxt
estfxmsotohtml
estfxpdftohtml
estload
estmaster
estwaver
estwolefind
etags
etex
euphoria
eval
everybuddy
eview
evim
evince-thumbnailer
evince
evolution-2.12
evolution-addressbook-export
evolution
ex
exchange-connector-setup-2
exec
exit
exmh
expand
expect
expectk
expiry
export
expr
extcompose
extensionproxy
extract_mpeg2
extractres

f-spot
factor
faked-sysv
faked-tcp
fakeroot-sysv
fakeroot-tcp
false
faq
fastmail
fastrm
fax
fax2ps
fax2tiff
faxq
faxrm
faxrunq
faxspool
fbtv
fc-cache
fc-cat
fc-list
fc-match
fc
fd2ps
fdesign
fdlist
fdmount
fdmountd
fdp
fdrawcmd
fdumount
festival
festival_client
ffmpeg
ffplay
ffserver
fg
fgconsole
fgrep
fieldlines
file-roller
file
filesharelist
fileshareset
filter
filterdiff
finch
find
findaffix
findrule
findsmb
finger
firefox
fix132x43
fix_bs_and_del
fixcvsdiff
fixdlsrps
fixfmps
fixmacps
fixnt
fixps
fixpsditps
fixpspps
fixscribeps
fixtpps
fixwfwps
fixwpps
fixwwps
flag
flame
flea
flex
flipdiff
flist
flock
flocks
floppycontrol
floppymeter
flux
fmirror
fmt
fold
folder
font2c
font2psf
fontexport
fontimport
fontinst
fonttosfnt
foo2hp
foo2hp2600-wrapper
foo2lava-wrapper
foo2lava
foo2oak-wrapper
foo2qpdl-wrapper
foo2qpdl
foo2xqx-wrapper
foo2xqx
foo2zjs-icc2ps
foo2zjs-wrapper
foo2zjs
foomatic-combo-xml
foomatic-compiledb
foomatic-configure
foomatic-gswrapper
foomatic-ppd-options
foomatic-ppdfile
foomatic-printjob
foomatic-rip
forest
formail
formaticc
forum
forw
forward
free
freetype-config
fribidi
frm
from
frommac
fstobdf
fstopgm
ftp
ftpcopy
ftpcount
ftpcp
ftpls
ftpwho
funzip
fuser
fusermount
fwhois

g3cat
g77
gacutil
gaddftinfo
gafmtodit
galaxy
galeon
gamma4scanimage
gasp
gawk
gc
gcalc
gcalctool
gcc-2.96
gcc-3.3
gcc-3.4
gcc-4.1
gcc
gccbug-3.4
gccbug-4.1
gccmakedep
gcd
gcharmap
gcj-dbtool-4.2
gcolorsel
gconf-editor
gconfigger
gconftool-2
gcov-3.3
gcov-3.4
gcov-4.1
gcov
gctags
gda-config-tool-2
gdb
gdbserver
gdbtui
gdebi-gtk
gdebi
gdialog
gdict
gdiskfree
gdk-pixbuf-csource
gdk-pixbuf-query-loaders
gdm
gdmflexiserver
gedit
gencases
gencat
gendiff
gendsa
gengetopt
genhostid
genior
genisoimage
genrsa
geqn
getafm
getconf
geteltorito
getent
getfacl
getfattr
getfdprm
getfilename
gethostip
getkey
getlist
getopt
getopts
gettext
gettextize
getty
getzones
geyes_applet
gfdl
gfloppy
gflux
gfontsel
gftodvi
gftopk
gftp
gftype
ghostscript
ghpftodit
gif2png
gif2tiff
giftrans
gij-4.2
gindxbib
gkb_applet
gkb_xmmap
gkermit
gkeytool-4.2
gkrellm
gksu
gksudo
gmmroff
gmplayer
gneqn
gnroff
gnuplot
gnuserv
goad-browser
gob
gobject-query
goop
gorbd-4.2
gpaint
gparted-bin
gparted
gpasswd
gperf
gpfbtops
gpg-convert-from-106
gpg-error-config
gpg-error
gpg
gpg.ru
gpgsplit
gpgv
gphoto
gphoto2
gpic
gpilot-install-file
gpm-root
gpppon
gprof
gpsmap
gqview
grav
grefer
grep-excuses
grep
grepdiff
grephistory
grepmail
greynetic
grip
grmid-4.2
grmiregistry-4.2
grn
grodvi
groff
groffer
grog
grohtml
grolbp
grolj4
grops
grotty
groups
growisofs
grub-set-default
gs-pcl3
gs
gsbj
gsdj
gsdj500
gsearchtool
gserialver-4.2
gsf-office-thumbnailer
gsftopk
gslj
gslp
gsnd
gsoelim
gst-complete-0.8
gst-compprep-0.8
gst-feedback-0.10
gst-feedback-0.8
gst-inspect-0.10
gst-inspect-0.8
gst-launch-0.10
gst-launch-0.8
gst-launch-ext-0.8
gst-md5sum-0.8
gst-register-0.8
gst-typefind-0.10
gst-typefind-0.8
gst-visualise-0.10
gst-visualise-0.8
gst-xmllaunch-0.10
gst-xmllaunch-0.8
gstreamer-properties
gtbl
gtf
gtfmtodit
gthumb
gtk-config
gtk-query-immodules-2.0
gtk-update-icon-cache
gtk-window-decorator
gtkeyboard
gtklp
gtklpq
gtkmorph
gtroff
gtv
guname
gunzip
gvcolor
gview
gvim
gvimdiff
gvpack
gvpr
gw
gweather
gxl2dot
gzexe
gzip

h2ph
h2xs
hal-disable-polling
hal-find-by-capability
hal-find-by-property
hal-get-property
hal-is-caller-locked-out
hal-lock
hal-set-property
halo
hash
hboot
hcc
hcitool
hd
hdf
hdfunpac
hdifftopam
head
helios
helix
help
helpztags
hesinfo
hexbin
hexdump
hexedit
hf77
hidd
hinotes
hipstopgm
history
hopalong
host
hostid
hostname
hpftodit
hsqldb-databasemanager
hsqldb-databasemanagerswing
hsqldb-querytool
hsqldb-sqltool
hsqldb-transfer
htdbm
htdigest
html2ps
html2text
htpasswd
hufo_smoke
hufo_tunnel
hwdb-gui
hwdb-send
hwdb-xml
hyperball
hypercube

ibm_hosts
ibod
ical
icc2ps
icclink
iceauth
ico
icombine
iconv
id
ident
identify
idl2wrs
idn
iecset
ietf2datebook
ifnames-2.13
ifnames-2.5
ifnames
ifs
ifstat
igawk
ijoin
ijs-config
imagetops
imake
imgsize
imlib-config
imlib_config
import
imsmap
inc
includeres
indent
indexmaker
indxbib
inews
info
infocmp
infokey
infotocap
inimf
initdb
initlocation
initlog
inkscape
inkview
innconfval
innfeed
innmail
inotifywait
inotifywatch
inputattach
install-datebook
install-expenses
install-fvwmgenmenu
install-fvwmgenmenu.sh
install-hinote
install-info
install-memo
install-menu
install-netsync
install-todo
install-user
install
instmodsh
interdiff
intro
introu
ionice
iostat
ipcalc
ipcclean
ipcrm
ipcs
ipmi_ui
iptstate
irb
ircp
irobex_palm3
irqbalance
irxfer
isag
isamchk
isamlog
isdnbill
isdnconf
isdnrate
isdnrep
isodebug
isodump
isoinfo
isovfy
ispell-wrapper
ispell
isql
iusql

jadetex
java
jed
jigsaw
jikes
jobs
joe
join
jpeg2yuv
jpegicc
jpegtran
jpilot-dial
jpilot-dump
jpilot-sync
jpilot-upgrade-99
jpilot
jsattach
jscal
jstest
julia
jw
jwhois

kab2kabc
kaddprinterwizard
kaleidescope
kasbar
kbd_mode
kblankscrn.kss
kbuildsycoca
kcheckpass
kcminit
kcmshell
kconf_update
kconfig_compiler
kcookiejar
kdcop
kde-config
kde-menu
kdebugdialog
kded
kdeinit
kdeinit_shutdown
kdeinit_wrapper
kdesu
kdesu_stub
kdesud
kdialog
kdoc
kdontchangethehostname
kdostartupconfig
keditbookmarks
kernelversion
keytool
kfile
kfind
kfmclient
kfmexec
kgrantpty
khotkeys
khotnewstuff
kibitz
kicker
kill
killall
kinstalltheme
kio_http_cache_cleaner
kio_media_mounthelper
kio_system_documenthelper
kio_uiserver
kioexec
kismet
kismet_drone
klauncher
kmailservice
knetattach
koi8rxterm
konqueror
kpac_dhcp_helper
kpsestat
kpsetool
kpsewhich
krandom.kss
krb5-config
kreadconfig
ksendbugmail
ksh
kshell
kstart
kstartupconfig
ksvgtopng
ksystraycmd
ktelnetservice
ktradertest
ktrash
kunittestmodrunner
kvm
kwrapper
kwriteconfig
kxkb

l2ping
lamboot
lamclean
lame
lament
lamexec
lamgrow
lamshrink
lamtrace
laser
last-acct
last-psacct
last
lastb
lastcomm
lattice
lav2mpeg
lav2wav
lav2yuv
lavadecode
lavpipe
lavplay
lavrec
lavtrans
lcf
lchage
lchfn
lchsh
ld
ld86
ldd
lefty
less
lessecho
lessfile
lesskey
lesspipe
lesstif
let
lex
lexgrog
lftp
lftpget
lgroupadd
lgroupdel
lgroupmod
libart-config
libgcrypt-config
libgnutls-config
libmikmod-config
libnetcfg
libpng12-config
libtasn1-config
libtool
libtoolize
libusb-config
licensecheck
licq
lid
lightning
line
link
links
links1
lintopvf
linux32
linux64
lisa
lispmtopgm
listalias
listres
lkbib
lket-b2a
lmorph
ln
lndir
lneato
lnewusers
lnusertemp
loaderinfo
loadkeys
loadshlib
local
locale
localedef
locate
locate.notslocate
lockfile
log2pcap
logfile
logger
login
logname
logout
logresolve
logview
look
lookbib
lorder
lp-LPRng
lp
lpasswd
lpbanner
lpf
lpoptions
lppasswd
lpq-LPRng
lpq-lpd
lpq
lpr-LPRng
lpr-lpd
lpr
lprm-LPRng
lprm-lpd
lprm
lpstat-LPRng
lpstat
lptest
ls
lsattr
lsb_release
lsdiff
lshal
lshw
lsusb
ltrace
luseradd
luserdel
lusermod
lv
lwp-download
lwp-mirror
lwp-request
lwp-rget
lxterm
lynx
lz

m4
mac2unix
macsave
macstream
macunpack
macutil
mag
magnifier
mail
mailq
mailq.postfix
mailq.sendmail
mailstat
mailto-hebrew
mailto
make
make_driver_db_lpr
make_method
make_smbcodepage
makedepend
makefloppies
makeg
makeindex
makeinfo
makekdedoc
makekdewidgets
makempx
makestrs
man
man2html
manedit
manpage-alert
manpath
manweb
map
mark
mass-bug
matrixview
mattrib
mawk
maze
mbadblocks
mbchk
mc
mcat
mcd
mcedit
mcheck
mclasserase
mcomp
mcookie
mcopy
mcpp
mcrypt
mcview
md2
md4
md5
md5sum
md5sum.textutils
mdc2
mdel
mdeltree
mdir
mdu
meat-grinder
megatron
meinproc
memos
memstat
mencoder
merge
mergecap
mergechanges
mergelib
mesg
messages
metacity-message
metacity-theme-viewer
metacity-window-demo
metacity
metamail
metasend
mev
mf
mformat
mft
mgetty_fax
mh-chart
mhbuild
mhl
mhlist
mhmail
mhn
mhparam
mhpath
mhshow
mhstore
mhub
mib2c
mibhelp
micq
mikmod
mime
mimencode
min12xxw
minfo
mini_commander_applet
minicom
mirror
mirrordir
mixer_applet
mjpegtools
mk_cmds
mkdep
mkdir
mkdirhier
mkfifo
mkfontdir
mkfontscale
mkhtmlindex
mkindex
mkmanifest
mkmapfile
mknbi
mknod
mkpasswd
mksock
mktemp
mktexlsr
mktexmf
mktexpk
mktextfm
mkzftree
ml85p
mlabel
mm-config
mm
mmd
mmencode
mmount
mmove
mmroff
moc
modemlights_applet
mogrify
moire
molecule
monitor
mono
montage
more
mountpoint
mouse-test
mozilla
mp2enc
mp3info
mpack
mpage
mpartition
mpeg2dec
mpeg2enc
mpg123
mpg321
mpimsg
mpirun
mpitask
mplayer
mplex
mpost
mpstat
mpto
mrd
mren
mrtg-rrd
mrtg
mrtglib
mscompress
msexpand
msgattrib
msgcat
msgchk
msgcmp
msgcomm
msgconv
msgen
msgexec
msgfilter
msgfmt
msggrep
msginit
msgmerge
msgunfmt
msguniq
msh
mshowfat
msql2mysql
mt-gnu
mt
mtools
mtoolstest
mtrace
mtx
mtype
multiload_applet
munch
munchlist
munpack
mute
mutt
mutt_dotlock
muttbug
mv
mxtar
myisam_ftdump
myisamchk
myisamlog
myisampack
mysql
mysql.server
mysql_config
mysql_fix_privilege_tables
mysql_upgrade
mysql_zap
mysqlaccess
mysqladmin
mysqlbinlog
mysqlcheck
mysqld
mysqld_multi
mysqld_safe
mysqldump
mysqlhotcopy
mysqlimport
mysqlman
mysqlmanager
mysqlshow
mytool
mzip

nameclt
namei
nano
nasm
nautilus-connect-server
nautilus-sendto
nautilus
nbp
nc
ncal
ncdump
ncftp
ncftpbatch
ncftpget
ncftpls
ncftpput
ncftpspooler
ncgen
ncopy
ndisasm
neato
neqn
nerverot
netatalk-config
netcat
netkit-ftp
netreport
netscsid
network-admin
new-object
newalias
newaliases
newaliases.postfix
newaliases.sendmail
newer
newgrp
newmail
newsbody
next
ngettext
nice
nisdomainname
njamdpm
nkf
nl
nlmconv
nm-tool
nm-vpn-properties
nm
nmap
nmapfe
nmblookup
nmh
nmudiff
nntpget
nohup
nop
normalize-mp3
normalize
noseguy
notify-send
nprint
nroff
nsend
nseq
nsgmls
nslookup
nt-guide
nt
ntlm_auth
ntp
ntsc-cc
nwauth
nwbols
nwboprops
nwbpset
nwbpvalues
nwdir
nwfsinfo
nwfstime
nwpasswd
nwpurge
nwrights
nwsfind
nwtrustee
nwuserlist
nwvolinfo

o3read
o3tohtml
o3totxt
oafd
obex_tcp
obex_test
obexautofs
obexfs
obexftp
objcopy
objdump
obuildtree
oclock
ocsp
octave-bug
octave
od
odbcinst
oddjob_request
ogg123
oggdec
oggenc
ogginfo
ogonkify
oki4drv
okidecode
oldps
ols
omake
omega
omniNames
omshell
on_ac_power
onsgmls
oobase
oocalc
oodraw
ooffice
oofromtemplate
ooimpress
oomath
ooweb
oowriter
opannotate
oparchive
opcontrol
open
opencdk-config
openipmicmd
openipmigui
openipmish
openjade
openoffice
openvt
opera
ophelp
opimport
opldecode
opreport
opriv
oprofile
osec
osgmlnorm
oshadow
ospam
ospent
osx

p7zip
packf
pal2rgb
pamarith
pamchannel
pamcut
pamdeinterlace
pamdice
pamedge
pamendian
pamfile
pamflip
pamfunc
pamlookup
pamoil
pampop9
pamscale
pamseq
pamslice
pamstack
pamstretch-gen
pamstretch
pamtohdiff
pamtohtmltbl
pamtotga
pamtouil
pand
panel-test-applets
pango-querymodules
pap
paperconf
passmass
passwd
paste
patch-metamail
patch
patgen
pathchk
pavuk
pawd
pax
pcdindex
pcitweak
pcl3opts
pclbanner
pcre-config
pcregrep
pcretest
pdb2.4
pdb2.5
pdf2dsc
pdf2ps
pdfetex
pdffonts
pdfimages
pdfinfo
pdfjadetex
pdfopt
pdftex
pdftohtml
pdftops
pdftotext
pdiff
pdksh
pedal
peekfd
penetrate
penrose
perror
petri
pf2afm
pfb2pfa
pfbtopfa
pfbtops
pfmon
phosphor
php
pi-getram
pi-getrom
pic
pic2graph
pick
pico
piconv
pidgin
pilot-addresses
pilot-foto
pilot-xfer
pilot
pine
pinfo
pinky
pk2bm
pkcs11_eventmgr
pkcs11_inspect
pkcs12
pkcs7
pkcs8
pkg-config
pklogin_finder
pktogf
pktype
pl2pm
plasma
play
playmidi
plaympeg
plog
plotchangelog
pltotf
pm-pmu
pmake
pman
pmap
png2eps
po2debconf
pod2html
pod2latex
pod2man
pod2sdf
pod2text
pod2usage
podchecker
podebconf-display-po
podebconf-report-po
podselect
poff
pon
pon.wvdial
pooltype
popd
pospell
postalias
postcat
postconf
postdrop
poster
postfix
postgres
postgresql-dump
postkick
postlock
postlog
postmap
postmaster
postqueue
postsuper
powernowd
powertop
ppdc
ppdhtml
ppdi
ppdmerge
ppdpo
pqlist
pqrm
pqstat
pr
prename
preparetips
prev
prezip-bin
printafm
printenv
printf
printmail
procmail
profiles
prompter
propwatch
protoize
prove
prune
ps
ps2ascii
ps2epsi
ps2frag
ps2pdf
ps2pdf12
ps2pdf13
ps2pdf14
ps2pdfwr
ps2pk
ps2ps
psbanner
psbook
psed
pserver
psfaddtable
psfgettable
psfstriptable
psfxtable
psh
pshdevel
psidtopgm
psmandup
psmerge
psnup
psorder
pspell-config
psql
psresize
psselect
psset
pstack
pstoedit
pstops
pstree
pstree.x11
pstruct
ptar
ptardiff
pth-config
ptked
ptksh
pts-subscribe
ptx
pup
purple-remote
pushd
pvf
pvfamp
pvfcut
pvfecho
pvffft
pvffile
pvfmix
pvfreverse
pvfsine
pvfspeed
pvftoau
pvftobasic
pvftolin
pvftormd
pvftovoc
pvftowav
pvm
pvmd
pvmd3
pwd
pwdx
pwhich
py_compilefiles
pycentral
pydoc2.4
pydoc2.5
pygettext2.4
pygettext2.5
pyro
pysupport-movemodules
pysupport-parseversions
python
python2.2
python2.4
python2.5
pyversions

qemu-img
qemu-system-arm
qemu-system-mips
qemu-system-mipsel
qemu-system-ppc
qemu-system-sparc
qemu-system-x86_64
qemu-user
qemu
qiv
qix
qmqp-sink
qmqp-source
qpdldecode
qshape
qt2kdoc
quota

radio
rand
ranlib
ras2tiff
rastertoescpx
rastertopclx
raw2tiff
rawtopgm
rbash
rc-alert
rclock
rcp
rcs
rcsclean
rcsdiff
rcsintro
rcsmerge
rcvdist
rcvpack
rcvstore
rcvtty
rd-bomb
rdate
rdesktop
rdiff-backup-statistics
rdiff-backup
rdiff
rdiffdir
rdist
rdjpgcom
read-expenses
read-ical
read-notepad
read-palmpix
read-todos
read
readcd
readelf
readlink
readmsg
readom
readonly
readprofile
realvncpasswd
realvncpasswd.real
rec
recode
recon
record
recountdiff
recover
red
rediff
refer
reference
refile
reindexdb
rename
rename.ul
renice
repl
replace
req
reset
resize
resolve
restorefont
restorepalette
restoretextmode
return
rev
revpath
rexec
rfcomm
rgb2ycbcr
rgrep
rgview
rgvim
rhmask
rhythmbox-client
rhythmbox
richtext
ripemd160
rlog
rlogin
rm
rmadison
rmcp_ping
rmdfile
rmdir
rmdtopvf
rmdtovbox
rmf
rmid
rmiregistry
rmm
rnano
rnews
rngtest
rocks
rootv
rorschach
rotzoomer
rpcclient
rpcgen
rpdump
rpload
rpm2html
rpmfind
rpminit
rpmprune
rpntutorial
rrd-beginners
rrdcgi
rrdcreate
rrddump
rrdfetch
rrdgraph
rrdinfo
rrdlast
rrdresize
rrdrestore
rrdtool
rrdtune
rrdtutorial
rrdupdate
rrdxport
rsa
rsautl
rsh
rsvg
rsync
rubibtex
ruby
rumakeindex
run-mailcap
run-with-aspell
runas
runcon
runscript
runtest
runuser
runx
rup
ruptime
rusers
rvi
rview
rvim
rwall
rwho
rwhois
rxvt
rz

s2p
s_client
s_server
s_time
sadf
safe_mysqld
sar
sash
save-session
savetextmode
sbigtopgm
scan
scanadf
scanimage
scanpci
scanssh
scantv
sccmap
scgcheck
scim-make-table
scim
scp
screen
screendump
screenshooter_applet
script
scriptreplay
scrollkeeper-config
scrollkeeper-gen-seriesid
scsitape
sdiff
sdptool
seahorse
sechecker
secon
sed
sediff
seinfo
select-default-iwrap
send
sendfiles
sendmail
sendmail.postfix
sensible-editor
sensors
seq
serpentine
services-admin
sesearch
sess_id
session-properties
sessreg
set
setfacl
setfattr
setfdprm
setleds
setmclk
setmetamode
setsid
setterm
setupcon
setxkbmap
sfm
sftp
sfxload
sg
sgi2tiff
sgml2html
sgml2info
sgml2latex
sgml2lyx
sgml2rtf
sgml2txt
sgmlcheck
sgmldiff
sgmlsasp
sgmltools
sh
sh.distrib
sha
sha1
sha1sum
sha224sum
sha256sum
sha384sum
sha512sum
shar
shares-admin
shash
shasum
shift
shlock
shopt
show
showaudio
showcfont
showchar
showexternal
showkey
shownonascii
showpartial
showpicture
showrgb
showriff
showtable
shred
shrinkfile
shtool
shtoolize
sierpinski
simpleftp
size
skill
skyrocket
slabtop
sleep
sliceprint
slidescreen
slip
slist
slocal
slocate
slogin
slrn
smalledit
smbcacls
smbclient
smbcontrol
smbcquotas
smbget
smbsh
smbtar
smbtree
smicache
smidiff
smidump
smilint
smime
smiquery
smistrip
smproxy
smtp-sink
smtp-source
snice
soelim
solarwinds
solterm
sonar
sort
sortm
sosreport
sound-juicer
sound-monitor_applet
source
sox
soxexam
spam
speaker-test
speed
speedmine
spent
sphere
spiral
spirographx
spkac
splac
splain
splash
splint
split
splitdiff
splitfont
splitmail
spotlight
spottopgm
sprof
spruce
sq
sqlite
sqlite3
squid
squiral
ssh-add
ssh-agent
ssh-argv0
ssh-copy-id
ssh-keygen
ssh-keyscan
ssh-vulnkey
ssh
stap
stardict
starfish
startinnfeed
startx
starwars
stat
states
statserial
strace
strange
streamer
strfile
strings
strip
stripchart-applet
stripchart
stty
su-to-root
su
subtitles
sum
sundancer2
superformat
suspend
svgakeymap
svn
svnadmin
svndumpfilter
svnlook
svnpath
svnsync
svnversion
swig
swirl
switchdesk
switchto
sx
sxpm
sync
synclient
syndaemon
syslinux
syslinux2ansi
system-config-printer-applet
system-config-printer
systool
sz

t1ascii
t1asm
t1binary
t1disasm
t1mac
t1mapper
t1unmac
t3d
tac
tack
tagpending
tail
tailf
talk
tangle
tapeinfo
tar
taskset
taumix
tbl
tccat
tcdecode
tcdemux
tcextract
tclsh
tcmodinfo
tcpdump
tcprobe
tcpvmexportd
tcscan
tcsh
tcxmlcheck
tee
telnet
telnet.netkit
tempfile
test
testparm
testprns
tex
texconfig
texi2dvi
texi2dvi4a2ps
texi2html
texi2pdf
texindex
text2pcap
textmode
tfmtodit
tftopl
tftp
tgz
thumbnail
thumbpdf
tic
tie
tiff2bw
tiff2pdf
tiff2ps
tiff2rgba
tiffcmp
tiffcp
tiffdither
tiffdump
tiffgt
tifficc
tiffinfo
tiffmedian
tiffset
tiffsplit
tiffsv
tightvncconnect
tightvncserver
time-admin
time
timeout
times
timidity
tin
tixwish
tkill
tkjpeg
tknewsbiff
tload
tnameserv
tnef
toc2cddb
toc2cue
toe
tomac
tomboy
top
toshsat1800-irdasetup
toshset
totem-video-thumbnailer
totem
touch
tpage
tping
tput
tr
tracker-extract
tracker-preferences
tracker-search-tool
tracker-thumbnailer
trackerd
trafshow
transcode
trap
tred
tree
troff
true
tryaffix
tsclient
tset
tshark
tsort
ttcp
ttree
ttv
tty
tuxpaint-import
tuxpaint
tuxtype
twopi
type
typeset
tzselect

ubuntu-bug
ucf
ucfq
ucfr
ucs2any
ud
ul
ulimit
umap
umask
umb-scheme
unalias
uname
unbuffer
uncompress
unexpand
unflatten
unicode_start
unicode_stop
uniconv
uniprint
uniq
unison-2.13.16
units
unix-guide
unix2dos
unlink
unprotoize
unrar
unset
unshar
unsq
unstr
unwrapdiff
unzip
unzipsfx
update-menus
update-menus.fr
update-mime-database
update-pangox-aliases
updatedb
updatedb.notslocate
updmap
uptime
urlview
urxvt
urxvtc
urxvtd
usb_printerid
uscan
userinfo
usermount
userpasswd
users-admin
users
usleep
utf8tolatin1
uucp
uudecode
uudeview
uuencode
uuenview
uuidgen
uupdate
uustat
uux
uxterm
uz

vacation
vacuumdb
valgrind
vbetool
vbox
vboxbeep
vboxconvert
vboxctrl
vboxmode
vboxplay
vboxtoau
vcstime
vcut
vdir
verify
version
vfstest
vftovp
vi
vicq
vidwhacker
view
viewres
viewurl-firefox.sh
viewurl-lynx.sh
viewurl-mozilla.sh
viewurl-ncftp.sh
viewurl-netscape.sh
viewurl-opera.sh
viewurl-seamonkey.sh
viewurl-w3m.sh
viewurl
vim
vimdiff
vimtutor
vines
virmf
virsh
visualinfo
vitmp
vlock
vmh
vncconnect
vncpasswd
vncserver
vncviewer
voctopvf
volname
vorbiscomment
vorbistagedit
vptovf
vt-is-UTF8
vtysh
vumeter

w
w.procps
w3m
w3mman
wait
wall
watch
wavtopvf
wbinfo
wc
weave
web2png
webcam
webcollage
webserver
wftopfa
wget
whatis
whatnow
whereami_applet
whereis
which
whiptail
whirlwindwarp
whirlygig
who-uploads
who
whoami
whodepends
whois
whom
widget
widl
wifi-radar
windmc
windres
wine
winebuild
winedbg
winedump
winegcc
winemaker
wineprefixcreate
wineserver
wipe
wish
wm-menu-config
wmc
wmctrl
wmxmms
wnewmail
wnpp-alert
wodim
word-list-compress
wordview
wrc
write
wrjpgcom
wtpt
wvdial
wvdialconf

x11perf
x11perfcomp
x11vnc
x3270-script
x3270if
x509
xapm
xargs
xauth
xawtv-remote
xawtv
xbiff
xbsh
xcalc
xcam
xclipboard
xclock
xconsole
xcscope
xcutsel
xdaliclock
xdelta
xdeview
xdfcopy
xdfformat
xdg-desktop-icon
xdg-desktop-menu
xdg-email
xdg-icon-resource
xdg-mime
xdg-open
xdg-screensaver
xditview
xdpyinfo
xdriinfo
xdvi
xemacs
xentop
xentrace_format
xev
xeyes
xfd
xflame
xfontsel
xfs
xft-config
xgamma
xgc
xgettext
xhost
xine-bugreport
xine-check
xine-config
xine-remote
xine
xinit
xjack
xkbcomp
xkbevd
xkbprint
xkibitz
xkill
xli
xlito
xload
xlock
xlogo
xls2csv
xlsatoms
xlsclients
xlsfonts
xlyap
xm
xmag
xman
xmessage
xminicom
xmkmf
xml2-config
xml2po
xmlcatalog
xmllint
xmlsec1-config
xmlsec1
xmlwf
xmms
xmodmap
xmore
xmorph
xosview
xpdf
xpdf.bin
xpenguins
xprop
xqxdecode
xrandr
xrdb
xrefresh
xscanimage
xscreensaver-command
xscreensaver-demo
xscreensaver-getimage-file
xscreensaver-getimage-video
xscreensaver-getimage
xscreensaver-gl-helper
xscreensaver-text
xscreensaver
xset
xsetmode
xsetpointer
xsetroot
xsltproc
xsm
xstdcmap
xsublim
xsubpp
xtail
xteevee
xterm
xtraceroute
xtrap
xvidtune
xvinfo
xvnc4viewer
xwd
xwe
xwininfo
xwpe
xwpick
xwud
xxd
xxkb

y4mcolorbars
yacc
yapp
yelp
yes
youtube-dl
ypcat
ypchfn
ypchsh
ypdomainname
ypmatch
yppasswd
ypwhich
ysh
ytalk
yuv2lav
yuvdenoise
yuvfps
yuvinactive
yuvkineco
yuvmedianfilter
yuvplay
yuvscaler
yuvycsnoise


zcat
zcmp
zdiff
zdump
zegrep
zenity
zfgrep
zforce
zgrep
zip
zipcloak
zipgrep
zipinfo
zipnote
zipsplit
zjsdecode
zless
zmore
znew
zoom
zplay
zsoelim
zxpdf