plt@${PLT_PATH}
AllTimurShemsedinov@${PATH_CURR_REPO}/AllTimurShemsedinov
communis@${PATH_CURR_REPO}/communis
Lexicon@${PATH_CURR_REPO}/Lexicon
NAbumbrare@${PATH_CURR_REPO}/NAbumbrare
NBase@${PATH_CURR_REPO}/NBase
NBash@${PATH_CURR_REPO}/NBash
NC@${PATH_CURR_REPO}/NC
NCognito@${PATH_CURR_REPO}/NCognito
NDvop@${PATH_CURR_REPO}/NDvop
NEdu@${PATH_CURR_REPO}/NEdu
NEn@${PATH_CURR_REPO}/NEn
NJs@${PATH_CURR_REPO}/NJs
NMall@${PATH_CURR_REPO}/NMall
NNet@${PATH_CURR_REPO}/NNet
NNodejs@${PATH_CURR_REPO}/NNodejs
Nota@${PATH_CURR_REPO}/Nota
NPhp@${PATH_CURR_REPO}/NPhp
NPython@${PATH_CURR_REPO}/NPython
NUML@${PATH_CURR_REPO}/NUML
NVBA@${PATH_CURR_REPO}/NVBA
NWeb@${PATH_CURR_REPO}/NWeb
Repono@${PATH_CURR_REPO}/Repono

lu@${PATH_CURR_REPO}/communis/Deploy_store/.qa/lib/user

plt_f_env@${PLT_PATH}/.d/.config/env.sh
plt_f_frc@${PLT_PATH}/.d/.frc/a.frc

plt_d_lego@${PLT_PATH}/.d/.lego
plt_d_sal_ax@${PLT_PATH}/.d/.sal.ax
plt_d_nid@${PLT_PATH}/.d/.nid
plt_d_lego@${PLT_PATH}/.d/.lego
plt_d_lst@${PLT_PATH}/.d/.lst

